// Jest Snapshot v1, https://goo.gl/fbAQLP

exports[`VideoCardList component test suite should match snapshot 1`] = `
<div>
  <ul
    class="css-jdcg90"
    data-testid="scrollable-list-view"
  >
    <div
      class="css-cphitw"
      height="0"
    >
      <div
        class="css-bj2njj"
        data-testid="video-card-wrapper"
      >
        <img
          class="css-1u6w3ei"
          data-testid="video-card-image"
          height="360"
          src="https://i.ytimg.com/vi/2Hlpm_7eKFw/hqdefault_live.jpg"
          width="480"
        />
        <div
          class="css-ng8x8e"
        >
          <span
            class="css-15u1n5f"
            data-testid="video-card-title"
            font-size="1,2,4"
          >
            Maroon 5, Ed Sheeran, Taylor Swift, Adele, Ariana Grande - Best Pop Music Playlist 2020
          </span>
          <span
            class="css-5zodk7"
            color="#0E5AA7"
            data-testid="video-card-channel-title"
            display="none,none,flex"
            font-size="1,2"
          >
            Top Music 2020
          </span>
          <span
            class="css-xb8gpa"
            data-testid="video-card-description"
            display="none,none,flex"
            font-size="1,2,3"
          >
            Maroon 5, Ed Sheeran, Taylor Swift, Adele, Ariana Grande - Best Pop Music Playlist 2020 Maroon 5, Ed Sheeran, Taylor Swift, Adele, Ariana Grande - Best Pop ...
          </span>
        </div>
      </div>
    </div>
    <div
      class="css-cphitw"
      height="0"
    >
      <div
        class="css-bj2njj"
        data-testid="video-card-wrapper"
      >
        <img
          class="css-1u6w3ei"
          data-testid="video-card-image"
          height="360"
          src="https://i.ytimg.com/vi/enHqt97v3ig/hqdefault.jpg"
          width="480"
        />
        <div
          class="css-ng8x8e"
        >
          <span
            class="css-15u1n5f"
            data-testid="video-card-title"
            font-size="1,2,4"
          >
            ARO KOTO DIN AMI KHUJECHI TOMAKE II NANDITA II SEYLON MUSIC LOUNGE
          </span>
          <span
            class="css-5zodk7"
            color="#0E5AA7"
            data-testid="video-card-channel-title"
            display="none,none,flex"
            font-size="1,2"
          >
            Seylon Tea
          </span>
          <span
            class="css-xb8gpa"
            data-testid="video-card-description"
            display="none,none,flex"
            font-size="1,2,3"
          >
            ‡¶ï‡¶æ‡¶Ç‡¶ï‡ßç‡¶∑‡¶ø‡¶§ ‡¶™‡ßç‡¶∞‡ßá‡¶Æ‡¶ï‡ßá ‡¶®‡¶ø‡¶∞‡¶®‡ßç‡¶§‡¶∞ ‡¶ñ‡ßÅ‡¶Å‡¶ú‡ßá ‡¶´‡ßá‡¶∞‡ßá ‡¶Æ‡¶æ‡¶®‡ßÅ‡¶∑‡•§ ‡¶ï‡¶ñ‡¶®‡ßã ‡¶Æ‡ßå‡¶®‡¶§‡¶æ‡¶Ø‡¶º, ‡¶ï‡¶ñ‡¶®‡ßã ‡¶ï‡ßç‡¶∑‡ßã‡¶≠‡ßá ‡¶ï‡ßá‡¶ü‡ßá ‡¶Ø‡¶æ‡¶Ø‡¶º ‡¶™‡ßç‡¶∞‡¶§‡ßÄ‡¶ï‡ßç‡¶∑‡¶æ‡¶∞ ‡¶Ö‡¶®‡¶®‡ßç‡¶§ ‡¶™‡ßç‡¶∞‡¶π‡¶∞‡•§ ‡¶§‡¶¨‡ßÅ‡¶ì ‡¶è‡¶á ‡¶™‡ßç‡¶∞‡ßá‡¶Æ‡ßá‡¶∞ ‡¶ñ‡ßã‡¶Å‡¶ú‡ßá ‡¶Æ‡¶æ‡¶®‡ßÅ‡¶∑‡ßá‡¶∞ ‡¶è‡¶ï ‡¶Ö‡¶®‡ßç‡¶§‡¶π‡ßÄ‡¶® ‡¶Ø‡¶æ‡¶§‡ßç‡¶∞‡¶æ ‡¶™‡ßç‡¶∞‡ßá‡¶Æ‡¶ø‡¶ï‡ßá‡¶∞ ...
          </span>
        </div>
      </div>
    </div>
    <div
      class="css-cphitw"
      height="0"
    >
      <div
        class="css-bj2njj"
        data-testid="video-card-wrapper"
      >
        <img
          class="css-1u6w3ei"
          data-testid="video-card-image"
          height="360"
          src="https://i.ytimg.com/vi/SD4Z8dlZPd8/hqdefault.jpg"
          width="480"
        />
        <div
          class="css-ng8x8e"
        >
          <span
            class="css-15u1n5f"
            data-testid="video-card-title"
            font-size="1,2,4"
          >
            Badshah - Genda Phool | JacquelineFernandez | Payal Dev | Official Music Video 2020
          </span>
          <span
            class="css-5zodk7"
            color="#0E5AA7"
            data-testid="video-card-channel-title"
            display="none,none,flex"
            font-size="1,2"
          >
            Sony Music India
          </span>
          <span
            class="css-xb8gpa"
            data-testid="video-card-description"
            display="none,none,flex"
            font-size="1,2,3"
          >
            Hitmaker Badshah redefining his sound scape with "Genda Phool" , featuring super gorgeous Jacqueline Fernandez and Payal Dev on lead vocals. Genda ...
          </span>
        </div>
      </div>
    </div>
    <div
      class="css-cphitw"
      height="0"
    >
      <div
        class="css-bj2njj"
        data-testid="video-card-wrapper"
      >
        <img
          class="css-1u6w3ei"
          data-testid="video-card-image"
          height="360"
          src="https://i.ytimg.com/vi/KmdFOGAE_8E/hqdefault_live.jpg"
          width="480"
        />
        <div
          class="css-ng8x8e"
        >
          <span
            class="css-15u1n5f"
            data-testid="video-card-title"
            font-size="1,2,4"
          >
            üî¥ Relaxing Music 24/7, Stress Relief Music, Calm Music, Sleep Music, Meditation Music, Study, Spa
          </span>
          <span
            class="css-5zodk7"
            color="#0E5AA7"
            data-testid="video-card-channel-title"
            display="none,none,flex"
            font-size="1,2"
          >
            Yellow Brick Cinema - Relaxing Music
          </span>
          <span
            class="css-xb8gpa"
            data-testid="video-card-description"
            display="none,none,flex"
            font-size="1,2,3"
          >
            Get the new Yellow Brick Cinema iOS app for a 7-day FREE trial: https://apple.co/30uHqHe Relaxing Music 24/7, Stress Relief Music, Calm Music, Sleep Music, ...
          </span>
        </div>
      </div>
    </div>
    <div
      class="css-cphitw"
      height="0"
    >
      <div
        class="css-bj2njj"
        data-testid="video-card-wrapper"
      >
        <img
          class="css-1u6w3ei"
          data-testid="video-card-image"
          height="360"
          src="https://i.ytimg.com/vi/SKLZMJe8aJ4/hqdefault.jpg"
          width="480"
        />
        <div
          class="css-ng8x8e"
        >
          <span
            class="css-15u1n5f"
            data-testid="video-card-title"
            font-size="1,2,4"
          >
            LOL- Official Music Video | Ginny Weds Sunny | Yami, Vikrant | Payal Dev | Kunaal Vermaa | Dev Negi
          </span>
          <span
            class="css-5zodk7"
            color="#0E5AA7"
            data-testid="video-card-channel-title"
            display="none,none,flex"
            font-size="1,2"
          >
            Sony Music India
          </span>
          <span
            class="css-xb8gpa"
            data-testid="video-card-description"
            display="none,none,flex"
            font-size="1,2,3"
          >
            Come, be a part of Ginny and Sunny's first meeting. Love is in the air! #GinnyWedsSunny #LOL #YamiGautam Listen to "LOL" on: Gaana ...
          </span>
        </div>
      </div>
    </div>
    <div
      class="css-cphitw"
      height="0"
    >
      <div
        class="css-bj2njj"
        data-testid="video-card-wrapper"
      >
        <img
          class="css-1u6w3ei"
          data-testid="video-card-image"
          height="360"
          src="https://i.ytimg.com/vi/ALZHF5UqnU4/hqdefault.jpg"
          width="480"
        />
        <div
          class="css-ng8x8e"
        >
          <span
            class="css-15u1n5f"
            data-testid="video-card-title"
            font-size="1,2,4"
          >
            Marshmello - Alone (Official Music Video)
          </span>
          <span
            class="css-5zodk7"
            color="#0E5AA7"
            data-testid="video-card-channel-title"
            display="none,none,flex"
            font-size="1,2"
          >
            Marshmello
          </span>
          <span
            class="css-xb8gpa"
            data-testid="video-card-description"
            display="none,none,flex"
            font-size="1,2,3"
          >
            NEW Mello‚Ñ¢Ô∏è by Marshmello gear SHOP NOW ‚ñ∑ https://mellogang.com/collections/new-arrivals/ Download Alone here ‚ñ∑ http://smarturl.it/melloAlone A lot of ...
          </span>
        </div>
      </div>
    </div>
    <div
      class="css-cphitw"
      height="0"
    >
      <div
        class="css-bj2njj"
        data-testid="video-card-wrapper"
      >
        <img
          class="css-1u6w3ei"
          data-testid="video-card-image"
          height="360"
          src="https://i.ytimg.com/vi/Oi8q1zIGph0/hqdefault.jpg"
          width="480"
        />
        <div
          class="css-ng8x8e"
        >
          <span
            class="css-15u1n5f"
            data-testid="video-card-title"
            font-size="1,2,4"
          >
            Naagin - Vayu, Aastha Gill, AKASA, Puri | Official Music Video 2019
          </span>
          <span
            class="css-5zodk7"
            color="#0E5AA7"
            data-testid="video-card-channel-title"
            display="none,none,flex"
            font-size="1,2"
          >
            Sony Music India
          </span>
          <span
            class="css-xb8gpa"
            data-testid="video-card-description"
            display="none,none,flex"
            font-size="1,2,3"
          >
            Temperatures are hitting boiling point, with the hottest track in town - Naagin (din, gin, gin, gin, ) Composed and written by ace songwriter and SME exclusive ...
          </span>
        </div>
      </div>
    </div>
    <div
      class="css-cphitw"
      height="0"
    >
      <div
        class="css-bj2njj"
        data-testid="video-card-wrapper"
      >
        <img
          class="css-1u6w3ei"
          data-testid="video-card-image"
          height="360"
          src="https://i.ytimg.com/vi/w5Aioq5VYF0/hqdefault.jpg"
          width="480"
        />
        <div
          class="css-ng8x8e"
        >
          <span
            class="css-15u1n5f"
            data-testid="video-card-title"
            font-size="1,2,4"
          >
            DIVINE - MIRCHI Feat. Stylo G, MC Altaf & Phenom | Official Music Video
          </span>
          <span
            class="css-5zodk7"
            color="#0E5AA7"
            data-testid="video-card-channel-title"
            display="none,none,flex"
            font-size="1,2"
          >
            DIVINE
          </span>
          <span
            class="css-xb8gpa"
            data-testid="video-card-description"
            display="none,none,flex"
            font-size="1,2,3"
          >
            Mirchi - The second single from DIVINE's sophomore studio album 'Punya Paap'. Download & Stream: https://mai.lnk.to/mirchi Lyrics: ...
          </span>
        </div>
      </div>
    </div>
    <div
      class="css-cphitw"
      height="0"
    >
      <div
        class="css-bj2njj"
        data-testid="video-card-wrapper"
      >
        <img
          class="css-1u6w3ei"
          data-testid="video-card-image"
          height="360"
          src="https://i.ytimg.com/vi/BoZ0Zwab6Oc/hqdefault.jpg"
          width="480"
        />
        <div
          class="css-ng8x8e"
        >
          <span
            class="css-15u1n5f"
            data-testid="video-card-title"
            font-size="1,2,4"
          >
            „ÄêOfficial„ÄëPok√©mon Special Music Video „ÄåGOTCHAÔºÅ„Äç | BUMP OF CHICKEN - Acacia
          </span>
          <span
            class="css-5zodk7"
            color="#0E5AA7"
            data-testid="video-card-channel-title"
            display="none,none,flex"
            font-size="1,2"
          >
            „Éù„Ç±„É¢„É≥ÂÖ¨ÂºèYouTube„ÉÅ„É£„É≥„Éç„É´
          </span>
          <span
            class="css-xb8gpa"
            data-testid="video-card-description"
            display="none,none,flex"
            font-size="1,2,3"
          >
            „Éù„Ç±„É¢„É≥ ÔºÜ BUMP OF CHICKEN „Çπ„Éö„Ç∑„É£„É´„Éü„É•„Éº„Ç∏„ÉÉ„ÇØ„Éì„Éá„Ç™„ÄåGOTCHAÔºÅ„Äç 9Ë®ÄË™û„ÅÆÊ≠åË©ûÂ≠óÂπï‰ªò„Åç„ÅßÂÖ¨Èñã‰∏≠ÔºÅ ----- „Éü„É•„Éº„Ç∏„ÉÉ„ÇØ„Éì„Éá„Ç™„ÄåGOTCHAÔºÅ„Äç Èü≥Ê•ΩÔºöBUMP OF ...
          </span>
        </div>
      </div>
    </div>
    <div
      class="css-cphitw"
      height="0"
    >
      <div
        class="css-bj2njj"
        data-testid="video-card-wrapper"
      >
        <img
          class="css-1u6w3ei"
          data-testid="video-card-image"
          height="360"
          src="https://i.ytimg.com/vi/W3CKEzGPwnc/hqdefault.jpg"
          width="480"
        />
        <div
          class="css-ng8x8e"
        >
          <span
            class="css-15u1n5f"
            data-testid="video-card-title"
            font-size="1,2,4"
          >
            Ben&Ben - Sa Susunod Na Habang Buhay | Official Music Video | Kathniel x Ben&Ben x JMS
          </span>
          <span
            class="css-5zodk7"
            color="#0E5AA7"
            data-testid="video-card-channel-title"
            display="none,none,flex"
            font-size="1,2"
          >
            Ben&Ben
          </span>
          <span
            class="css-xb8gpa"
            data-testid="video-card-description"
            display="none,none,flex"
            font-size="1,2,3"
          >
            Ben&Ben - Sa Susunod Na Habang Buhay | Official Music Video Starring: Kathryn Bernardo and Daniel Padilla Screenplay: Juan Miguel Severo Directed by ...
          </span>
        </div>
      </div>
    </div>
    <div
      class="css-cphitw"
      height="0"
    >
      <div
        class="css-bj2njj"
        data-testid="video-card-wrapper"
      >
        <img
          class="css-1u6w3ei"
          data-testid="video-card-image"
          height="360"
          src="https://i.ytimg.com/vi/vMLk_T0PPbk/hqdefault.jpg"
          width="480"
        />
        <div
          class="css-ng8x8e"
        >
          <span
            class="css-15u1n5f"
            data-testid="video-card-title"
            font-size="1,2,4"
          >
            Black Eyed Peas, Shakira - GIRL LIKE ME (Official Music Video)
          </span>
          <span
            class="css-5zodk7"
            color="#0E5AA7"
            data-testid="video-card-channel-title"
            display="none,none,flex"
            font-size="1,2"
          >
            BlackEyedPeasVEVO
          </span>
          <span
            class="css-xb8gpa"
            data-testid="video-card-description"
            display="none,none,flex"
            font-size="1,2,3"
          >
            "Translation" available at: https://Black-Eyed-Peas.lnk.to/Translation "GIRL LIKE ME" Official Audio: https://youtu.be/rGhvqK9eLBg Follow Black Eyed Peas ...
          </span>
        </div>
      </div>
    </div>
    <div
      class="css-cphitw"
      height="0"
    >
      <div
        class="css-bj2njj"
        data-testid="video-card-wrapper"
      >
        <img
          class="css-1u6w3ei"
          data-testid="video-card-image"
          height="360"
          src="https://i.ytimg.com/vi/kffacxfA7G4/hqdefault.jpg"
          width="480"
        />
        <div
          class="css-ng8x8e"
        >
          <span
            class="css-15u1n5f"
            data-testid="video-card-title"
            font-size="1,2,4"
          >
            Justin Bieber - Baby (Official Music Video) ft. Ludacris
          </span>
          <span
            class="css-5zodk7"
            color="#0E5AA7"
            data-testid="video-card-channel-title"
            display="none,none,flex"
            font-size="1,2"
          >
            JustinBieberVEVO
          </span>
          <span
            class="css-xb8gpa"
            data-testid="video-card-description"
            display="none,none,flex"
            font-size="1,2,3"
          >
            REMASTERED IN HD! UP TO 4K!! Music video by Justin Bieber performing Baby feat. Ludacris. VEVOCertified on April 25, 2010. #JustinBieber #Baby ...
          </span>
        </div>
      </div>
    </div>
    <div
      class="css-cphitw"
      height="0"
    >
      <div
        class="css-bj2njj"
        data-testid="video-card-wrapper"
      >
        <img
          class="css-1u6w3ei"
          data-testid="video-card-image"
          height="360"
          src="https://i.ytimg.com/vi/RsEZmictANA/hqdefault.jpg"
          width="480"
        />
        <div
          class="css-ng8x8e"
        >
          <span
            class="css-15u1n5f"
            data-testid="video-card-title"
            font-size="1,2,4"
          >
            taylor swift - willow (official music video)
          </span>
          <span
            class="css-5zodk7"
            color="#0E5AA7"
            data-testid="video-card-channel-title"
            display="none,none,flex"
            font-size="1,2"
          >
            TaylorSwiftVEVO
          </span>
          <span
            class="css-xb8gpa"
            data-testid="video-card-description"
            display="none,none,flex"
            font-size="1,2,3"
          >
            Official music video by Taylor Swift performing ‚Äúwillow‚Äù ‚Äì off her evermore album. Listen here: https://taylor.lnk.to/evermorealbum ‚ñªSubscribe to Taylor Swift on ...
          </span>
        </div>
      </div>
    </div>
    <div
      class="css-cphitw"
      height="0"
    >
      <div
        class="css-bj2njj"
        data-testid="video-card-wrapper"
      >
        <img
          class="css-1u6w3ei"
          data-testid="video-card-image"
          height="360"
          src="https://i.ytimg.com/vi/2jnMUUZscuU/hqdefault.jpg"
          width="480"
        />
        <div
          class="css-ng8x8e"
        >
          <span
            class="css-15u1n5f"
            data-testid="video-card-title"
            font-size="1,2,4"
          >
            Vita Alvia - Gantengnya Pacarku (Official Music Video)
          </span>
          <span
            class="css-5zodk7"
            color="#0E5AA7"
            data-testid="video-card-channel-title"
            display="none,none,flex"
            font-size="1,2"
          >
            Global Musik Era Digital
          </span>
          <span
            class="css-xb8gpa"
            data-testid="video-card-description"
            display="none,none,flex"
            font-size="1,2,3"
          >
            Official Music Video : Vita Alvia - Gantengnya Pacarku ‚ñ∂Ô∏è Subscribe Global Musik Era Digital http://smarturl.it/SubscribeGlobalMusik Special Thanks To : Artist ...
          </span>
        </div>
      </div>
    </div>
    <div
      class="css-cphitw"
      height="0"
    >
      <div
        class="css-bj2njj"
        data-testid="video-card-wrapper"
      >
        <img
          class="css-1u6w3ei"
          data-testid="video-card-image"
          height="360"
          src="https://i.ytimg.com/vi/2Vv-BfVoq4g/hqdefault.jpg"
          width="480"
        />
        <div
          class="css-ng8x8e"
        >
          <span
            class="css-15u1n5f"
            data-testid="video-card-title"
            font-size="1,2,4"
          >
            Ed Sheeran - Perfect (Official Music Video)
          </span>
          <span
            class="css-5zodk7"
            color="#0E5AA7"
            data-testid="video-card-channel-title"
            display="none,none,flex"
            font-size="1,2"
          >
            Ed Sheeran
          </span>
          <span
            class="css-xb8gpa"
            data-testid="video-card-description"
            display="none,none,flex"
            font-size="1,2,3"
          >
            Tickets for the Divide tour here - http://www.edsheeran.com/tour : https://ad.gt/yt-perfect : https://atlanti.cr/yt-album Subscribe to Ed's channel: ...
          </span>
        </div>
      </div>
    </div>
    <div
      class="css-cphitw"
      height="0"
    >
      <div
        class="css-bj2njj"
        data-testid="video-card-wrapper"
      >
        <img
          class="css-1u6w3ei"
          data-testid="video-card-image"
          height="360"
          src="https://i.ytimg.com/vi/SjUF3Wn3flM/hqdefault.jpg"
          width="480"
        />
        <div
          class="css-ng8x8e"
        >
          <span
            class="css-15u1n5f"
            data-testid="video-card-title"
            font-size="1,2,4"
          >
            Jasurbek Mavlonov - Shakarim (Official Music Video)
          </span>
          <span
            class="css-5zodk7"
            color="#0E5AA7"
            data-testid="video-card-channel-title"
            display="none,none,flex"
            font-size="1,2"
          >
            NevoMusic
          </span>
          <span
            class="css-xb8gpa"
            data-testid="video-card-description"
            display="none,none,flex"
            font-size="1,2,3"
          >
            Clipmaker: Sunnat Namozov Musiqa muallifi: Shohjahon Ergashev Matn muallifi: Shohjahon Ergashev Musiqiy sayqal: Zuhriddin Meliyev Instagram: ...
          </span>
        </div>
      </div>
    </div>
    <div
      class="css-cphitw"
      height="0"
    >
      <div
        class="css-bj2njj"
        data-testid="video-card-wrapper"
      >
        <img
          class="css-1u6w3ei"
          data-testid="video-card-image"
          height="360"
          src="https://i.ytimg.com/vi/bLnjdAsng8w/hqdefault_live.jpg"
          width="480"
        />
        <div
          class="css-ng8x8e"
        >
          <span
            class="css-15u1n5f"
            data-testid="video-card-title"
            font-size="1,2,4"
          >
            Top Hits 2020 - Top 40 Popular Songs 2020 - Best Pop Music Playlist 2020
          </span>
          <span
            class="css-5zodk7"
            color="#0E5AA7"
            data-testid="video-card-channel-title"
            display="none,none,flex"
            font-size="1,2"
          >
            TOP Music
          </span>
          <span
            class="css-xb8gpa"
            data-testid="video-card-description"
            display="none,none,flex"
            font-size="1,2,3"
          >
            Top Hits 2020 - Top 40 Popular Songs 2020 - Best Pop Music Playlist 2020.
          </span>
        </div>
      </div>
    </div>
    <div
      class="css-cphitw"
      height="0"
    >
      <div
        class="css-bj2njj"
        data-testid="video-card-wrapper"
      >
        <img
          class="css-1u6w3ei"
          data-testid="video-card-image"
          height="360"
          src="https://i.ytimg.com/vi/CYHt7_RANiY/hqdefault.jpg"
          width="480"
        />
        <div
          class="css-ng8x8e"
        >
          <span
            class="css-15u1n5f"
            data-testid="video-card-title"
            font-size="1,2,4"
          >
            Taylor Swift - willow (lonely witch version) - music video behind the scenes
          </span>
          <span
            class="css-5zodk7"
            color="#0E5AA7"
            data-testid="video-card-channel-title"
            display="none,none,flex"
            font-size="1,2"
          >
            Taylor Swift
          </span>
          <span
            class="css-xb8gpa"
            data-testid="video-card-description"
            display="none,none,flex"
            font-size="1,2,3"
          >
            Official video by Taylor Swift performing willow (lonely witch version) Listen to the album here: https://taylor.lnk.to/evermorealbum ‚ñªSubscribe to Taylor Swift on ...
          </span>
        </div>
      </div>
    </div>
    <div
      class="css-cphitw"
      height="0"
    >
      <div
        class="css-bj2njj"
        data-testid="video-card-wrapper"
      >
        <img
          class="css-1u6w3ei"
          data-testid="video-card-image"
          height="360"
          src="https://i.ytimg.com/vi/QL-85IwpkKk/hqdefault.jpg"
          width="480"
        />
        <div
          class="css-ng8x8e"
        >
          <span
            class="css-15u1n5f"
            data-testid="video-card-title"
            font-size="1,2,4"
          >
            Vita Alvia - Dada Sayang (Official Music VIdeo ANEKA SAFARI)
          </span>
          <span
            class="css-5zodk7"
            color="#0E5AA7"
            data-testid="video-card-channel-title"
            display="none,none,flex"
            font-size="1,2"
          >
            Aneka Safari Records
          </span>
          <span
            class="css-xb8gpa"
            data-testid="video-card-description"
            display="none,none,flex"
            font-size="1,2,3"
          >
            Title: Dada Sayang Artist: Vita Alvia Album: The Best Aneka Safari - Vita Alvia Songwriter: R. Husin Albana Videographer & editor: Fotosintesis In Partnership: ...
          </span>
        </div>
      </div>
    </div>
    <div
      class="css-cphitw"
      height="0"
    >
      <div
        class="css-bj2njj"
        data-testid="video-card-wrapper"
      >
        <img
          class="css-1u6w3ei"
          data-testid="video-card-image"
          height="360"
          src="https://i.ytimg.com/vi/09R8_2nJtjg/hqdefault.jpg"
          width="480"
        />
        <div
          class="css-ng8x8e"
        >
          <span
            class="css-15u1n5f"
            data-testid="video-card-title"
            font-size="1,2,4"
          >
            Maroon 5 - Sugar (Official Music Video)
          </span>
          <span
            class="css-5zodk7"
            color="#0E5AA7"
            data-testid="video-card-channel-title"
            display="none,none,flex"
            font-size="1,2"
          >
            Maroon5VEVO
          </span>
          <span
            class="css-xb8gpa"
            data-testid="video-card-description"
            display="none,none,flex"
            font-size="1,2,3"
          >
            Buy Sugar on iTunes: http://smarturl.it/M5V Sign up for updates: http://smarturl.it/Maroon5.News Catch Maroon 5 on tour all year long at www.maroon5.com ...
          </span>
        </div>
      </div>
    </div>
    <div
      class="css-cphitw"
      height="0"
    >
      <div
        class="css-bj2njj"
        data-testid="video-card-wrapper"
      >
        <img
          class="css-1u6w3ei"
          data-testid="video-card-image"
          height="360"
          src="https://i.ytimg.com/vi/UQ92eyxnxmQ/hqdefault.jpg"
          width="480"
        />
        <div
          class="css-ng8x8e"
        >
          <span
            class="css-15u1n5f"
            data-testid="video-card-title"
            font-size="1,2,4"
          >
            Daughtry - It's Not Over (Official Music Video)
          </span>
          <span
            class="css-5zodk7"
            color="#0E5AA7"
            data-testid="video-card-channel-title"
            display="none,none,flex"
            font-size="1,2"
          >
            daughtryVEVO
          </span>
          <span
            class="css-xb8gpa"
            data-testid="video-card-description"
            display="none,none,flex"
            font-size="1,2,3"
          >
            Daughtry's official music video for 'It's Not Over'. Click to listen to Daughtry on Spotify: http://smarturl.it/DaughtrySpotify?IQid=DaughtryINO As featured on ...
          </span>
        </div>
      </div>
    </div>
    <div
      class="css-cphitw"
      height="0"
    >
      <div
        class="css-bj2njj"
        data-testid="video-card-wrapper"
      >
        <img
          class="css-1u6w3ei"
          data-testid="video-card-image"
          height="360"
          src="https://i.ytimg.com/vi/1Or4cVfgjzY/hqdefault.jpg"
          width="480"
        />
        <div
          class="css-ng8x8e"
        >
          <span
            class="css-15u1n5f"
            data-testid="video-card-title"
            font-size="1,2,4"
          >
            Ethiopian Music : Ablex (Enanu) ·ä†·â•·àå·ä≠·àµ (·ä•·äì·äë) - New Ethiopian Music 2020(Official Video)
          </span>
          <span
            class="css-5zodk7"
            color="#0E5AA7"
            data-testid="video-card-channel-title"
            display="none,none,flex"
            font-size="1,2"
          >
            Minew Shewa Tube
          </span>
          <span
            class="css-xb8gpa"
            data-testid="video-card-description"
            display="none,none,flex"
            font-size="1,2,3"
          >
            Copyright Protected¬© Ethiopian Music : Ablex (Enanu) ·ä†·â•·àå·ä≠·àµ (·ä•·äì·äë) - New Ethiopian Music 2020(Official Video) #·âÄ·â•·à´·à´·ã¨ ·â†·â∞·à∞·äò ·àµ·à´ ·ãµ·äï·âÖ ·â•·âÉ·â±·äï ·ã´·àµ·àò·à∞·ä®·à®·ãç ...
          </span>
        </div>
      </div>
    </div>
    <div
      class="css-cphitw"
      height="0"
    >
      <div
        class="css-bj2njj"
        data-testid="video-card-wrapper"
      >
        <img
          class="css-1u6w3ei"
          data-testid="video-card-image"
          height="360"
          src="https://i.ytimg.com/vi/j0WSfTYKAIw/hqdefault_live.jpg"
          width="480"
        />
        <div
          class="css-ng8x8e"
        >
          <span
            class="css-15u1n5f"
            data-testid="video-card-title"
            font-size="1,2,4"
          >
            Tuesday Morning Jazz - Sweet Jazz and Bossa Nova Music for Good Mood
          </span>
          <span
            class="css-5zodk7"
            color="#0E5AA7"
            data-testid="video-card-channel-title"
            display="none,none,flex"
            font-size="1,2"
          >
            Relax Cafe Music
          </span>
          <span
            class="css-xb8gpa"
            data-testid="video-card-description"
            display="none,none,flex"
            font-size="1,2,3"
          >
            The Best 24/7 Radio Playlist of Tuesday Morning Jazz Music! Enjoy Sweet Jazz and Bossa Nova Music for Good Mood by Richard Freeman Spotify: ...
          </span>
        </div>
      </div>
    </div>
    <div
      class="css-cphitw"
      height="0"
    >
      <div
        class="css-bj2njj"
        data-testid="video-card-wrapper"
      >
        <img
          class="css-1u6w3ei"
          data-testid="video-card-image"
          height="360"
          src="https://i.ytimg.com/vi/XnO23Uinqfo/hqdefault.jpg"
          width="480"
        />
        <div
          class="css-ng8x8e"
        >
          <span
            class="css-15u1n5f"
            data-testid="video-card-title"
            font-size="1,2,4"
          >
            Winter Cafe: Winter Morning Jazz Cafe Music - December Jazz Piano for Good Mood
          </span>
          <span
            class="css-5zodk7"
            color="#0E5AA7"
            data-testid="video-card-channel-title"
            display="none,none,flex"
            font-size="1,2"
          >
            Cafe Music BGM channel
          </span>
          <span
            class="css-xb8gpa"
            data-testid="video-card-description"
            display="none,none,flex"
            font-size="1,2,3"
          >
            Please Subscribe! https://www.youtube.com/user/cafemusicbgmchannel Music For Business„ÄåBGMC Station„Äç English: https://bgmc-station.com/en/ ...
          </span>
        </div>
      </div>
    </div>
    <div
      class="css-cphitw"
      height="0"
    >
      <div
        class="css-bj2njj"
        data-testid="video-card-wrapper"
      >
        <img
          class="css-1u6w3ei"
          data-testid="video-card-image"
          height="360"
          src="https://i.ytimg.com/vi/RUQl6YcMalg/hqdefault.jpg"
          width="480"
        />
        <div
          class="css-ng8x8e"
        >
          <span
            class="css-15u1n5f"
            data-testid="video-card-title"
            font-size="1,2,4"
          >
            Billie Eilish - Therefore I Am (Official Music Video)
          </span>
          <span
            class="css-5zodk7"
            color="#0E5AA7"
            data-testid="video-card-channel-title"
            display="none,none,flex"
            font-size="1,2"
          >
            BillieEilishVEVO
          </span>
          <span
            class="css-xb8gpa"
            data-testid="video-card-description"
            display="none,none,flex"
            font-size="1,2,3"
          >
            Listen to ‚ÄúTherefore I Am‚Äù, out now: https://smarturl.it/ThereforeIAm Directed by Billie Eilish Follow Billie Eilish: Facebook: https://www.facebook.com/billieeilish ...
          </span>
        </div>
      </div>
    </div>
    <div
      class="css-cphitw"
      height="0"
    >
      <div
        class="css-bj2njj"
        data-testid="video-card-wrapper"
      >
        <img
          class="css-1u6w3ei"
          data-testid="video-card-image"
          height="360"
          src="https://i.ytimg.com/vi/uSLbE2FttIc/hqdefault.jpg"
          width="480"
        />
        <div
          class="css-ng8x8e"
        >
          <span
            class="css-15u1n5f"
            data-testid="video-card-title"
            font-size="1,2,4"
          >
            LiSA √ó Ayase / THE FIRST TAKE MUSIC (Podcast)
          </span>
          <span
            class="css-5zodk7"
            color="#0E5AA7"
            data-testid="video-card-channel-title"
            display="none,none,flex"
            font-size="1,2"
          >
            THE FIRST TAKE
          </span>
          <span
            class="css-xb8gpa"
            data-testid="video-card-description"
            display="none,none,flex"
            font-size="1,2,3"
          >
            YouTube„ÉÅ„É£„É≥„Éç„É´Âè≤‰∏äÁô∫„ÅÆ„É©„Ç∏„Ç™„É¨„ÇÆ„É•„É©„ÉºÁï™ÁµÑ„Å®„Åó„Å¶Ê≥®ÁõÆ„ÇíÈõÜ„ÇÅ„Å¶„ÅÑ„Çã„ÄÅJ-WAVEÔºà81.3FMÔºâ„ÄåTHE FIRST TAKE MUSIC„Äç„ÄÇ ÂêåÁï™ÁµÑ„ÅÆ„Éá„Ç£„É¨„ÇØ„Çø„Éº„Ç∫„Ç´„ÉÉ„ÉàÁâàPodcast„Åå ...
          </span>
        </div>
      </div>
    </div>
    <div
      class="css-cphitw"
      height="0"
    >
      <div
        class="css-bj2njj"
        data-testid="video-card-wrapper"
      >
        <img
          class="css-1u6w3ei"
          data-testid="video-card-image"
          height="360"
          src="https://i.ytimg.com/vi/swfgzkFBjqU/hqdefault.jpg"
          width="480"
        />
        <div
          class="css-ng8x8e"
        >
          <span
            class="css-15u1n5f"
            data-testid="video-card-title"
            font-size="1,2,4"
          >
            "How Do I Always Lose?!" Among Us Song (Animated Music Video)
          </span>
          <span
            class="css-5zodk7"
            color="#0E5AA7"
            data-testid="video-card-channel-title"
            display="none,none,flex"
            font-size="1,2"
          >
            GameTunes
          </span>
          <span
            class="css-xb8gpa"
            data-testid="video-card-description"
            display="none,none,flex"
            font-size="1,2,3"
          >
            GameTunes Music available now! Spotify: https://spoti.fi/3mm5MKI Apple Music: https://apple.co/2K1ynaL ‚ñªGameToons Merch!
          </span>
        </div>
      </div>
    </div>
    <div
      class="css-cphitw"
      height="0"
    >
      <div
        class="css-bj2njj"
        data-testid="video-card-wrapper"
      >
        <img
          class="css-1u6w3ei"
          data-testid="video-card-image"
          height="360"
          src="https://i.ytimg.com/vi/1ScTBrxldPk/hqdefault.jpg"
          width="480"
        />
        <div
          class="css-ng8x8e"
        >
          <span
            class="css-15u1n5f"
            data-testid="video-card-title"
            font-size="1,2,4"
          >
            Maroon 5, Ed Sheeran, Taylor Swift, Adele, Ariana Grande - Best Pop Music Playlist 2020
          </span>
          <span
            class="css-5zodk7"
            color="#0E5AA7"
            data-testid="video-card-channel-title"
            display="none,none,flex"
            font-size="1,2"
          >
            Top Music 2020
          </span>
          <span
            class="css-xb8gpa"
            data-testid="video-card-description"
            display="none,none,flex"
            font-size="1,2,3"
          >
            Maroon 5, Ed Sheeran, Taylor Swift, Adele, Ariana Grande - Best Pop Music Playlist 2020 Maroon 5, Ed Sheeran, Taylor Swift, Adele, Ariana Grande - Best Pop ...
          </span>
        </div>
      </div>
    </div>
    <div
      class="css-cphitw"
      height="0"
    >
      <div
        class="css-bj2njj"
        data-testid="video-card-wrapper"
      >
        <img
          class="css-1u6w3ei"
          data-testid="video-card-image"
          height="360"
          src="https://i.ytimg.com/vi/BAEtccakyLw/hqdefault.jpg"
          width="480"
        />
        <div
          class="css-ng8x8e"
        >
          <span
            class="css-15u1n5f"
            data-testid="video-card-title"
            font-size="1,2,4"
          >
            Night City Music ‚Äî Dark Downtempo ‚Äî Chillout Cyberpunk
          </span>
          <span
            class="css-5zodk7"
            color="#0E5AA7"
            data-testid="video-card-channel-title"
            display="none,none,flex"
            font-size="1,2"
          >
            Music Lab
          </span>
          <span
            class="css-xb8gpa"
            data-testid="video-card-description"
            display="none,none,flex"
            font-size="1,2,3"
          >
            What makes the OST of Cyberpunk 2077 sound dark? And why do we like it? Usually, when we hear about dark music we imagine rock bands and gothic-styled ...
          </span>
        </div>
      </div>
    </div>
    <div
      class="css-cphitw"
      height="0"
    >
      <div
        class="css-bj2njj"
        data-testid="video-card-wrapper"
      >
        <img
          class="css-1u6w3ei"
          data-testid="video-card-image"
          height="360"
          src="https://i.ytimg.com/vi/NtgbRB7AbQQ/hqdefault.jpg"
          width="480"
        />
        <div
          class="css-ng8x8e"
        >
          <span
            class="css-15u1n5f"
            data-testid="video-card-title"
            font-size="1,2,4"
          >
            Maroon 5, Ed Sheeran, Taylor Swift, Adele, Ariana Grande - Best Pop Music Playlist 2020
          </span>
          <span
            class="css-5zodk7"
            color="#0E5AA7"
            data-testid="video-card-channel-title"
            display="none,none,flex"
            font-size="1,2"
          >
            Top Music 2020
          </span>
          <span
            class="css-xb8gpa"
            data-testid="video-card-description"
            display="none,none,flex"
            font-size="1,2,3"
          >
            Maroon 5, Ed Sheeran, Taylor Swift, Adele, Ariana Grande - Best Pop Music Playlist 2020 Maroon 5, Ed Sheeran, Taylor Swift, Adele, Ariana Grande - Best Pop ...
          </span>
        </div>
      </div>
    </div>
    <li
      data-testid="load-more-element"
    />
  </ul>
</div>
`;
